============================= test session starts =============================
platform win32 -- Python 3.13.11, pytest-9.0.2, pluggy-1.6.0
rootdir: C:\work\XXX_ARBITRAGE_TRADING_BOT
configfile: pytest.ini
plugins: anyio-4.12.0, asyncio-1.3.0
asyncio: mode=Mode.AUTO, debug=False, asyncio_default_fixture_loop_scope=None, asyncio_default_test_loop_scope=function
collected 1 item

tests\test_d204_2_paper_runner.py F                                      [100%]

================================== FAILURES ===================================
______________________ TestKPICollector.test_kpi_to_dict ______________________
tests\test_d204_2_paper_runner.py:134: in test_kpi_to_dict
    kpi_dict = kpi.to_dict()
               ^^^^^^^^^^^^^
arbitrage\v2\harness\paper_runner.py:203: in to_dict
    "reject_reasons": dict(self.reject_reasons),
                           ^^^^^^^^^^^^^^^^^^^
E   AttributeError: 'KPICollector' object has no attribute 'reject_reasons'
----------------------------- Captured log setup ------------------------------
WARNING  arbitrage.config.readonly_guard:readonly_guard.py:195 [D98-1_READONLY_GUARD] Read-only mode forcibly set to: False (for testing only)
=========================== short test summary info ===========================
FAILED tests/test_d204_2_paper_runner.py::TestKPICollector::test_kpi_to_dict
============================== 1 failed in 0.71s ==============================
